0 verbose cli /usr/local/bin/node /usr/local/bin/npm
1 info using npm@10.9.2
2 info using node@v22.17.0
3 silly config load:file:/usr/local/lib/node_modules/npm/npmrc
4 silly config load:file:/Users/stephan/dev/anti-idiomadanza/idiomadanza.github.io/.npmrc
5 silly config load:file:/Users/stephan/.npmrc
6 silly config load:file:/usr/local/etc/npmrc
7 verbose title npm install @tailwindcss/vite
8 verbose argv "install" "@tailwindcss/vite" "--cache" "./.npm-cache" "--legacy-peer-deps"
9 verbose logfile logs-max:10 dir:/Users/stephan/dev/anti-idiomadanza/idiomadanza.github.io/.npm-cache/_logs/2026-04-12T16_32_13_433Z-
10 verbose logfile /Users/stephan/dev/anti-idiomadanza/idiomadanza.github.io/.npm-cache/_logs/2026-04-12T16_32_13_433Z-debug-0.log
11 silly logfile done cleaning log files
12 silly packumentCache heap:2197815296 maxSize:549453824 maxEntrySize:274726912
13 silly idealTree buildDeps
14 silly fetch manifest @tailwindcss/vite@*
15 silly packumentCache full:https://registry.npmjs.org/@tailwindcss%2fvite cache-miss
16 http fetch GET 200 https://registry.npmjs.org/@tailwindcss%2fvite 279ms (cache miss)
17 silly packumentCache full:https://registry.npmjs.org/@tailwindcss%2fvite set size:undefined disposed:false
18 silly placeDep ROOT @tailwindcss/vite@4.2.2 OK for: idiomadanza-website@1.0.0 want: *
19 silly reify mark retired [
19 silly reify   '/Users/stephan/dev/anti-idiomadanza/idiomadanza.github.io/node_modules/yaml',
19 silly reify   '/Users/stephan/dev/anti-idiomadanza/idiomadanza.github.io/node_modules/.bin/yaml'
19 silly reify ]
20 silly reify moves {
20 silly reify   '/Users/stephan/dev/anti-idiomadanza/idiomadanza.github.io/node_modules/yaml': '/Users/stephan/dev/anti-idiomadanza/idiomadanza.github.io/node_modules/.yaml-OOz5os2Y',
20 silly reify   '/Users/stephan/dev/anti-idiomadanza/idiomadanza.github.io/node_modules/.bin/yaml': '/Users/stephan/dev/anti-idiomadanza/idiomadanza.github.io/node_modules/.bin/.yaml-qQzNIDbE'
20 silly reify }
21 verbose reify failed optional dependency /Users/stephan/dev/anti-idiomadanza/idiomadanza.github.io/node_modules/@tailwindcss/oxide-wasm32-wasi
22 silly reify mark deleted [
22 silly reify   '/Users/stephan/dev/anti-idiomadanza/idiomadanza.github.io/node_modules/@tailwindcss/oxide-wasm32-wasi'
22 silly reify ]
23 silly audit bulk request {
23 silly audit   '@alloc/quick-lru': [ '5.2.0' ],
23 silly audit   '@astrojs/compiler': [ '3.0.1' ],
23 silly audit   '@astrojs/internal-helpers': [ '0.8.0' ],
23 silly audit   '@astrojs/markdown-remark': [ '7.1.0' ],
23 silly audit   '@astrojs/prism': [ '4.0.1' ],
23 silly audit   '@astrojs/sitemap': [ '3.7.2' ],
23 silly audit   '@astrojs/telemetry': [ '3.3.0' ],
23 silly audit   '@babel/helper-string-parser': [ '7.27.1' ],
23 silly audit   '@babel/helper-validator-identifier': [ '7.28.5' ],
23 silly audit   '@babel/parser': [ '7.29.2' ],
23 silly audit   '@babel/types': [ '7.29.0' ],
23 silly audit   '@capsizecss/unpack': [ '4.0.0' ],
23 silly audit   '@clack/core': [ '1.2.0' ],
23 silly audit   '@clack/prompts': [ '1.2.0' ],
23 silly audit   '@emnapi/runtime': [ '1.9.1' ],
23 silly audit   '@esbuild/aix-ppc64': [ '0.27.4' ],
23 silly audit   '@esbuild/android-arm': [ '0.27.4' ],
23 silly audit   '@esbuild/android-arm64': [ '0.27.4' ],
23 silly audit   '@esbuild/android-x64': [ '0.27.4' ],
23 silly audit   '@esbuild/darwin-arm64': [ '0.27.4' ],
23 silly audit   '@esbuild/darwin-x64': [ '0.27.4' ],
23 silly audit   '@esbuild/freebsd-arm64': [ '0.27.4' ],
23 silly audit   '@esbuild/freebsd-x64': [ '0.27.4' ],
23 silly audit   '@esbuild/linux-arm': [ '0.27.4' ],
23 silly audit   '@esbuild/linux-arm64': [ '0.27.4' ],
23 silly audit   '@esbuild/linux-ia32': [ '0.27.4' ],
23 silly audit   '@esbuild/linux-loong64': [ '0.27.4' ],
23 silly audit   '@esbuild/linux-mips64el': [ '0.27.4' ],
23 silly audit   '@esbuild/linux-ppc64': [ '0.27.4' ],
23 silly audit   '@esbuild/linux-riscv64': [ '0.27.4' ],
23 silly audit   '@esbuild/linux-s390x': [ '0.27.4' ],
23 silly audit   '@esbuild/linux-x64': [ '0.27.4' ],
23 silly audit   '@esbuild/netbsd-arm64': [ '0.27.4' ],
23 silly audit   '@esbuild/netbsd-x64': [ '0.27.4' ],
23 silly audit   '@esbuild/openbsd-arm64': [ '0.27.4' ],
23 silly audit   '@esbuild/openbsd-x64': [ '0.27.4' ],
23 silly audit   '@esbuild/openharmony-arm64': [ '0.27.4' ],
23 silly audit   '@esbuild/sunos-x64': [ '0.27.4' ],
23 silly audit   '@esbuild/win32-arm64': [ '0.27.4' ],
23 silly audit   '@esbuild/win32-ia32': [ '0.27.4' ],
23 silly audit   '@esbuild/win32-x64': [ '0.27.4' ],
23 silly audit   '@img/colour': [ '1.1.0' ],
23 silly audit   '@img/sharp-darwin-arm64': [ '0.34.5' ],
23 silly audit   '@img/sharp-darwin-x64': [ '0.34.5' ],
23 silly audit   '@img/sharp-libvips-darwin-arm64': [ '1.2.4' ],
23 silly audit   '@img/sharp-libvips-darwin-x64': [ '1.2.4' ],
23 silly audit   '@img/sharp-libvips-linux-arm': [ '1.2.4' ],
23 silly audit   '@img/sharp-libvips-linux-arm64': [ '1.2.4' ],
23 silly audit   '@img/sharp-libvips-linux-ppc64': [ '1.2.4' ],
23 silly audit   '@img/sharp-libvips-linux-riscv64': [ '1.2.4' ],
23 silly audit   '@img/sharp-libvips-linux-s390x': [ '1.2.4' ],
23 silly audit   '@img/sharp-libvips-linux-x64': [ '1.2.4' ],
23 silly audit   '@img/sharp-libvips-linuxmusl-arm64': [ '1.2.4' ],
23 silly audit   '@img/sharp-libvips-linuxmusl-x64': [ '1.2.4' ],
23 silly audit   '@img/sharp-linux-arm': [ '0.34.5' ],
23 silly audit   '@img/sharp-linux-arm64': [ '0.34.5' ],
23 silly audit   '@img/sharp-linux-ppc64': [ '0.34.5' ],
23 silly audit   '@img/sharp-linux-riscv64': [ '0.34.5' ],
23 silly audit   '@img/sharp-linux-s390x': [ '0.34.5' ],
23 silly audit   '@img/sharp-linux-x64': [ '0.34.5' ],
23 silly audit   '@img/sharp-linuxmusl-arm64': [ '0.34.5' ],
23 silly audit   '@img/sharp-linuxmusl-x64': [ '0.34.5' ],
23 silly audit   '@img/sharp-wasm32': [ '0.34.5' ],
23 silly audit   '@img/sharp-win32-arm64': [ '0.34.5' ],
23 silly audit   '@img/sharp-win32-ia32': [ '0.34.5' ],
23 silly audit   '@img/sharp-win32-x64': [ '0.34.5' ],
23 silly audit   '@jridgewell/gen-mapping': [ '0.3.13' ],
23 silly audit   '@jridgewell/remapping': [ '2.3.5' ],
23 silly audit   '@jridgewell/resolve-uri': [ '3.1.2' ],
23 silly audit   '@jridgewell/sourcemap-codec': [ '1.5.5' ],
23 silly audit   '@jridgewell/trace-mapping': [ '0.3.31' ],
23 silly audit   '@oslojs/encoding': [ '1.1.0' ],
23 silly audit   '@rollup/pluginutils': [ '5.3.0' ],
23 silly audit   'estree-walker': [ '2.0.2' ],
23 silly audit   '@rollup/rollup-android-arm-eabi': [ '4.60.1' ],
23 silly audit   '@rollup/rollup-android-arm64': [ '4.60.1' ],
23 silly audit   '@rollup/rollup-darwin-arm64': [ '4.60.1' ],
23 silly audit   '@rollup/rollup-darwin-x64': [ '4.60.1' ],
23 silly audit   '@rollup/rollup-freebsd-arm64': [ '4.60.1' ],
23 silly audit   '@rollup/rollup-freebsd-x64': [ '4.60.1' ],
23 silly audit   '@rollup/rollup-linux-arm-gnueabihf': [ '4.60.1' ],
23 silly audit   '@rollup/rollup-linux-arm-musleabihf': [ '4.60.1' ],
23 silly audit   '@rollup/rollup-linux-arm64-gnu': [ '4.60.1' ],
23 silly audit   '@rollup/rollup-linux-arm64-musl': [ '4.60.1' ],
23 silly audit   '@rollup/rollup-linux-loong64-gnu': [ '4.60.1' ],
23 silly audit   '@rollup/rollup-linux-loong64-musl': [ '4.60.1' ],
23 silly audit   '@rollup/rollup-linux-ppc64-gnu': [ '4.60.1' ],
23 silly audit   '@rollup/rollup-linux-ppc64-musl': [ '4.60.1' ],
23 silly audit   '@rollup/rollup-linux-riscv64-gnu': [ '4.60.1' ],
23 silly audit   '@rollup/rollup-linux-riscv64-musl': [ '4.60.1' ],
23 silly audit   '@rollup/rollup-linux-s390x-gnu': [ '4.60.1' ],
23 silly audit   '@rollup/rollup-linux-x64-gnu': [ '4.60.1' ],
23 silly audit   '@rollup/rollup-linux-x64-musl': [ '4.60.1' ],
23 silly audit   '@rollup/rollup-openbsd-x64': [ '4.60.1' ],
23 silly audit   '@rollup/rollup-openharmony-arm64': [ '4.60.1' ],
23 silly audit   '@rollup/rollup-win32-arm64-msvc': [ '4.60.1' ],
23 silly audit   '@rollup/rollup-win32-ia32-msvc': [ '4.60.1' ],
23 silly audit   '@rollup/rollup-win32-x64-gnu': [ '4.60.1' ],
23 silly audit   '@rollup/rollup-win32-x64-msvc': [ '4.60.1' ],
23 silly audit   '@shikijs/core': [ '4.0.2' ],
23 silly audit   '@shikijs/engine-javascript': [ '4.0.2' ],
23 silly audit   '@shikijs/engine-oniguruma': [ '4.0.2' ],
23 silly audit   '@shikijs/langs': [ '4.0.2' ],
23 silly audit   '@shikijs/primitive': [ '4.0.2' ],
23 silly audit   '@shikijs/themes': [ '4.0.2' ],
23 silly audit   '@shikijs/types': [ '4.0.2' ],
23 silly audit   '@shikijs/vscode-textmate': [ '10.0.2' ],
23 silly audit   '@tailwindcss/node': [ '4.2.2' ],
23 silly audit   '@tailwindcss/oxide': [ '4.2.2' ],
23 silly audit   '@tailwindcss/oxide-android-arm64': [ '4.2.2' ],
23 silly audit   '@tailwindcss/oxide-darwin-arm64': [ '4.2.2' ],
23 silly audit   '@tailwindcss/oxide-darwin-x64': [ '4.2.2' ],
23 silly audit   '@tailwindcss/oxide-freebsd-x64': [ '4.2.2' ],
23 silly audit   '@tailwindcss/oxide-linux-arm-gnueabihf': [ '4.2.2' ],
23 silly audit   '@tailwindcss/oxide-linux-arm64-gnu': [ '4.2.2' ],
23 silly audit   '@tailwindcss/oxide-linux-arm64-musl': [ '4.2.2' ],
23 silly audit   '@tailwindcss/oxide-linux-x64-gnu': [ '4.2.2' ],
23 silly audit   '@tailwindcss/oxide-linux-x64-musl': [ '4.2.2' ],
23 silly audit   '@tailwindcss/oxide-win32-arm64-msvc': [ '4.2.2' ],
23 silly audit   '@tailwindcss/oxide-win32-x64-msvc': [ '4.2.2' ],
23 silly audit   '@tailwindcss/postcss': [ '4.2.2' ],
23 silly audit   '@types/debug': [ '4.1.13' ],
23 silly audit   '@types/estree': [ '1.0.8' ],
23 silly audit   '@types/hast': [ '3.0.4' ],
23 silly audit   '@types/mdast': [ '4.0.4' ],
23 silly audit   '@types/ms': [ '2.1.0' ],
23 silly audit   '@types/nlcst': [ '2.0.3' ],
23 silly audit   '@types/node': [ '24.12.0' ],
23 silly audit   '@types/sax': [ '1.2.7' ],
23 silly audit   '@types/unist': [ '3.0.3' ],
23 silly audit   '@ungap/structured-clone': [ '1.3.0' ],
23 silly audit   anymatch: [ '3.1.3' ],
23 silly audit   picomatch: [ '2.3.2', '4.0.4' ],
23 silly audit   arg: [ '5.0.2' ],
23 silly audit   argparse: [ '2.0.1' ],
23 silly audit   'aria-query': [ '5.3.2' ],
23 silly audit   'array-iterate': [ '2.0.1' ],
23 silly audit   astro: [ '6.1.2' ],
23 silly audit   'axobject-query': [ '4.1.0' ],
23 silly audit   bail: [ '2.0.2' ],
23 silly audit   boolbase: [ '1.0.0' ],
23 silly audit   ccount: [ '2.0.1' ],
23 silly audit   'character-entities': [ '2.0.2' ],
23 silly audit   'character-entities-html4': [ '2.1.0' ],
23 silly audit   'character-entities-legacy': [ '3.0.0' ],
23 silly audit   chokidar: [ '5.0.0' ],
23 silly audit   'ci-info': [ '4.4.0' ],
23 silly audit   clsx: [ '2.1.1' ],
23 silly audit   'comma-separated-tokens': [ '2.0.3' ],
23 silly audit   commander: [ '11.1.0' ],
23 silly audit   'common-ancestor-path': [ '2.0.0' ],
23 silly audit   cookie: [ '1.1.1' ],
23 silly audit   'cookie-es': [ '1.2.2' ],
23 silly audit   crossws: [ '0.3.5' ],
23 silly audit   'css-select': [ '5.2.2' ],
23 silly audit   'css-tree': [ '3.2.1', '2.2.1' ],
23 silly audit   'css-what': [ '6.2.2' ],
23 silly audit   csso: [ '5.0.5' ],
23 silly audit   'mdn-data': [ '2.0.28', '2.27.1' ],
23 silly audit   debug: [ '4.4.3' ],
23 silly audit   'decode-named-character-reference': [ '1.3.0' ],
23 silly audit   defu: [ '6.1.6' ],
23 silly audit   dequal: [ '2.0.3' ],
23 silly audit   destr: [ '2.0.5' ],
23 silly audit   'detect-libc': [ '2.1.2' ],
23 silly audit   devalue: [ '5.6.4' ],
23 silly audit   devlop: [ '1.1.0' ],
23 silly audit   diff: [ '8.0.4' ],
23 silly audit   dlv: [ '1.1.3' ],
23 silly audit   'dom-serializer': [ '2.0.0' ],
23 silly audit   entities: [ '4.5.0', '6.0.1' ],
23 silly audit   domelementtype: [ '2.3.0' ],
23 silly audit   domhandler: [ '5.0.3' ],
23 silly audit   domutils: [ '3.2.2' ],
23 silly audit   dset: [ '3.1.4' ],
23 silly audit   'enhanced-resolve': [ '5.20.1' ],
23 silly audit   'es-module-lexer': [ '2.0.0' ],
23 silly audit   esbuild: [ '0.27.4' ],
23 silly audit   'escape-string-regexp': [ '5.0.0' ],
23 silly audit   eventemitter3: [ '5.0.4' ],
23 silly audit   extend: [ '3.0.2' ],
23 silly audit   'fast-string-truncated-width': [ '1.2.1' ],
23 silly audit   'fast-string-width': [ '1.1.0' ],
23 silly audit   'fast-wrap-ansi': [ '0.1.6' ],
23 silly audit   fdir: [ '6.5.0' ],
23 silly audit   flattie: [ '1.1.1' ],
23 silly audit   fontace: [ '0.4.1' ],
23 silly audit   fontkitten: [ '1.0.3' ],
23 silly audit   fsevents: [ '2.3.3' ],
23 silly audit   'github-slugger': [ '2.0.0' ],
23 silly audit   'graceful-fs': [ '4.2.11' ],
23 silly audit   h3: [ '1.15.10' ],
23 silly audit   'hast-util-from-html': [ '2.0.3' ],
23 silly audit   'hast-util-from-parse5': [ '8.0.3' ],
23 silly audit   'hast-util-is-element': [ '3.0.0' ],
23 silly audit   'hast-util-parse-selector': [ '4.0.0' ],
23 silly audit   'hast-util-raw': [ '9.1.0' ],
23 silly audit   'hast-util-to-html': [ '9.0.5' ],
23 silly audit   'hast-util-to-parse5': [ '8.0.1' ],
23 silly audit   'hast-util-to-text': [ '4.0.2' ],
23 silly audit   'hast-util-whitespace': [ '3.0.0' ],
23 silly audit   hastscript: [ '9.0.1' ],
23 silly audit   'html-escaper': [ '3.0.3' ],
23 silly audit   'html-void-elements': [ '3.0.0' ],
23 silly audit   'http-cache-semantics': [ '4.2.0' ],
23 silly audit   'iron-webcrypto': [ '1.2.1' ],
23 silly audit   'is-docker': [ '3.0.0' ],
23 silly audit   'is-inside-container': [ '1.0.0' ],
23 silly audit   'is-plain-obj': [ '4.1.0' ],
23 silly audit   'is-wsl': [ '3.1.1' ],
23 silly audit   jiti: [ '2.6.1' ],
23 silly audit   'js-yaml': [ '4.1.1' ],
23 silly audit   lightningcss: [ '1.32.0' ],
23 silly audit   'lightningcss-android-arm64': [ '1.32.0' ],
23 silly audit   'lightningcss-darwin-arm64': [ '1.32.0' ],
23 silly audit   'lightningcss-darwin-x64': [ '1.32.0' ],
23 silly audit   'lightningcss-freebsd-x64': [ '1.32.0' ],
23 silly audit   'lightningcss-linux-arm-gnueabihf': [ '1.32.0' ],
23 silly audit   'lightningcss-linux-arm64-gnu': [ '1.32.0' ],
23 silly audit   'lightningcss-linux-arm64-musl': [ '1.32.0' ],
23 silly audit   'lightningcss-linux-x64-gnu': [ '1.32.0' ],
23 silly audit   'lightningcss-linux-x64-musl': [ '1.32.0' ],
23 silly audit   'lightningcss-win32-arm64-msvc': [ '1.32.0' ],
23 silly audit   'lightningcss-win32-x64-msvc': [ '1.32.0' ],
23 silly audit   'longest-streak': [ '3.1.0' ],
23 silly audit   'lru-cache': [ '11.2.7' ],
23 silly audit   'magic-string': [ '0.30.21' ],
23 silly audit   magicast: [ '0.5.2' ],
23 silly audit   'markdown-table': [ '3.0.4' ],
23 silly audit   'mdast-util-definitions': [ '6.0.0' ],
23 silly audit   'mdast-util-find-and-replace': [ '3.0.2' ],
23 silly audit   'mdast-util-from-markdown': [ '2.0.3' ],
23 silly audit   'mdast-util-gfm': [ '3.1.0' ],
23 silly audit   'mdast-util-gfm-autolink-literal': [ '2.0.1' ],
23 silly audit   'mdast-util-gfm-footnote': [ '2.1.0' ],
23 silly audit   'mdast-util-gfm-strikethrough': [ '2.0.0' ],
23 silly audit   'mdast-util-gfm-table': [ '2.0.0' ],
23 silly audit   'mdast-util-gfm-task-list-item': [ '2.0.0' ],
23 silly audit   'mdast-util-phrasing': [ '4.1.0' ],
23 silly audit   'mdast-util-to-hast': [ '13.2.1' ],
23 silly audit   'mdast-util-to-markdown': [ '2.1.2' ],
23 silly audit   'mdast-util-to-string': [ '4.0.0' ],
23 silly audit   micromark: [ '4.0.2' ],
23 silly audit   'micromark-core-commonmark': [ '2.0.3' ],
23 silly audit   'micromark-extension-gfm': [ '3.0.0' ],
23 silly audit   'micromark-extension-gfm-autolink-literal': [ '2.1.0' ],
23 silly audit   'micromark-extension-gfm-footnote': [ '2.1.0' ],
23 silly audit   'micromark-extension-gfm-strikethrough': [ '2.1.0' ],
23 silly audit   'micromark-extension-gfm-table': [ '2.1.1' ],
23 silly audit   'micromark-extension-gfm-tagfilter': [ '2.0.0' ],
23 silly audit   'micromark-extension-gfm-task-list-item': [ '2.1.0' ],
23 silly audit   'micromark-factory-destination': [ '2.0.1' ],
23 silly audit   'micromark-factory-label': [ '2.0.1' ],
23 silly audit   'micromark-factory-space': [ '2.0.1' ],
23 silly audit   'micromark-factory-title': [ '2.0.1' ],
23 silly audit   'micromark-factory-whitespace': [ '2.0.1' ],
23 silly audit   'micromark-util-character': [ '2.1.1' ],
23 silly audit   'micromark-util-chunked': [ '2.0.1' ],
23 silly audit   'micromark-util-classify-character': [ '2.0.1' ],
23 silly audit   'micromark-util-combine-extensions': [ '2.0.1' ],
23 silly audit   'micromark-util-decode-numeric-character-reference': [ '2.0.2' ],
23 silly audit   'micromark-util-decode-string': [ '2.0.1' ],
23 silly audit   'micromark-util-encode': [ '2.0.1' ],
23 silly audit   'micromark-util-html-tag-name': [ '2.0.1' ],
23 silly audit   'micromark-util-normalize-identifier': [ '2.0.1' ],
23 silly audit   'micromark-util-resolve-all': [ '2.0.1' ],
23 silly audit   'micromark-util-sanitize-uri': [ '2.0.1' ],
23 silly audit   'micromark-util-subtokenize': [ '2.1.0' ],
23 silly audit   'micromark-util-symbol': [ '2.0.1' ],
23 silly audit   'micromark-util-types': [ '2.0.2' ],
23 silly audit   mrmime: [ '2.0.1' ],
23 silly audit   ms: [ '2.1.3' ],
23 silly audit   nanoid: [ '3.3.11' ],
23 silly audit   neotraverse: [ '0.6.18' ],
23 silly audit   'nlcst-to-string': [ '4.0.0' ],
23 silly audit   'node-fetch-native': [ '1.6.7' ],
23 silly audit   'node-mock-http': [ '1.0.4' ],
23 silly audit   'normalize-path': [ '3.0.0' ],
23 silly audit   'nth-check': [ '2.1.1' ],
23 silly audit   obug: [ '2.1.1' ],
23 silly audit   ofetch: [ '1.5.1' ],
23 silly audit   ohash: [ '2.0.11' ],
23 silly audit   'oniguruma-parser': [ '0.12.1' ],
23 silly audit   'oniguruma-to-es': [ '4.3.5' ],
23 silly audit   'p-limit': [ '7.3.0' ],
23 silly audit   'p-queue': [ '9.1.0' ],
23 silly audit   'p-timeout': [ '7.0.1' ],
23 silly audit   'package-manager-detector': [ '1.6.0' ],
23 silly audit   'parse-latin': [ '7.0.0' ],
23 silly audit   parse5: [ '7.3.0' ],
23 silly audit   piccolore: [ '0.1.3' ],
23 silly audit   picocolors: [ '1.1.1' ],
23 silly audit   postcss: [ '8.5.8' ],
23 silly audit   prismjs: [ '1.30.0' ],
23 silly audit   'property-information': [ '7.1.0' ],
23 silly audit   radix3: [ '1.1.2' ],
23 silly audit   readdirp: [ '5.0.0' ],
23 silly audit   regex: [ '6.1.0' ],
23 silly audit   'regex-recursion': [ '6.0.2' ],
23 silly audit   'regex-utilities': [ '2.3.0' ],
23 silly audit   rehype: [ '13.0.2' ],
23 silly audit   'rehype-parse': [ '9.0.1' ],
23 silly audit   'rehype-raw': [ '7.0.0' ],
23 silly audit   'rehype-stringify': [ '10.0.1' ],
23 silly audit   'remark-gfm': [ '4.0.1' ],
23 silly audit   'remark-parse': [ '11.0.0' ],
23 silly audit   'remark-rehype': [ '11.1.2' ],
23 silly audit   'remark-smartypants': [ '3.0.2' ],
23 silly audit   'remark-stringify': [ '11.0.0' ],
23 silly audit   retext: [ '9.0.0' ],
23 silly audit   'retext-latin': [ '4.0.0' ],
23 silly audit   'retext-smartypants': [ '6.2.0' ],
23 silly audit   'retext-stringify': [ '4.0.0' ],
23 silly audit   rollup: [ '4.60.1' ],
23 silly audit   sax: [ '1.6.0' ],
23 silly audit   semver: [ '7.7.4' ],
23 silly audit   sharp: [ '0.34.5' ],
23 silly audit   shiki: [ '4.0.2' ],
23 silly audit   sisteransi: [ '1.0.5' ],
23 silly audit   sitemap: [ '9.0.1' ],
23 silly audit   'smol-toml': [ '1.6.1' ],
23 silly audit   'source-map-js': [ '1.2.1' ],
23 silly audit   'space-separated-tokens': [ '2.0.2' ],
23 silly audit   'stream-replace-string': [ '2.0.0' ],
23 silly audit   'stringify-entities': [ '4.0.4' ],
23 silly audit   svgo: [ '4.0.1' ],
23 silly audit   tailwindcss: [ '4.2.2' ],
23 silly audit   tapable: [ '2.3.2' ],
23 silly audit   'tiny-inflate': [ '1.0.3' ],
23 silly audit   tinyclip: [ '0.1.12' ],
23 silly audit   tinyexec: [ '1.0.4' ],
23 silly audit   tinyglobby: [ '0.2.15' ],
23 silly audit   'trim-lines': [ '3.0.1' ],
23 silly audit   trough: [ '2.2.0' ],
23 silly audit   tsconfck: [ '3.1.6' ],
23 silly audit   tslib: [ '2.8.1' ],
23 silly audit   ufo: [ '1.6.3' ],
23 silly audit   ultrahtml: [ '1.6.0' ],
23 silly audit   uncrypto: [ '0.1.3' ],
23 silly audit   'undici-types': [ '7.16.0' ],
23 silly audit   unified: [ '11.0.5' ],
23 silly audit   unifont: [ '0.7.4' ],
23 silly audit   'unist-util-find-after': [ '5.0.0' ],
23 silly audit   'unist-util-is': [ '6.0.1' ],
23 silly audit   'unist-util-modify-children': [ '4.0.0' ],
23 silly audit   'unist-util-position': [ '5.0.0' ],
23 silly audit   'unist-util-remove-position': [ '5.0.0' ],
23 silly audit   'unist-util-stringify-position': [ '4.0.0' ],
23 silly audit   'unist-util-visit': [ '5.1.0' ],
23 silly audit   'unist-util-visit-children': [ '3.0.0' ],
23 silly audit   'unist-util-visit-parents': [ '6.0.2' ],
23 silly audit   unstorage: [ '1.17.5' ],
23 silly audit   vfile: [ '6.0.3' ],
23 silly audit   'vfile-location': [ '5.0.3' ],
23 silly audit   'vfile-message': [ '4.0.3' ],
23 silly audit   vite: [ '7.3.1' ],
23 silly audit   vitefu: [ '1.1.2' ],
23 silly audit   'web-namespaces': [ '2.0.1' ],
23 silly audit   'which-pm-runs': [ '1.1.0' ],
23 silly audit   'xxhash-wasm': [ '1.1.0' ],
23 silly audit   'yargs-parser': [ '22.0.0' ],
23 silly audit   'yocto-queue': [ '1.2.2' ],
23 silly audit   zod: [ '4.3.6' ],
23 silly audit   zwitch: [ '2.0.4' ],
23 silly audit   '@tailwindcss/vite': [ '4.2.2' ],
23 silly audit   '@tailwindcss/oxide-wasm32-wasi': [ '4.2.2' ]
23 silly audit }
24 verbose reify failed optional dependency /Users/stephan/dev/anti-idiomadanza/idiomadanza.github.io/node_modules/lightningcss-win32-x64-msvc
25 silly reify mark deleted [
25 silly reify   '/Users/stephan/dev/anti-idiomadanza/idiomadanza.github.io/node_modules/lightningcss-win32-x64-msvc'
25 silly reify ]
26 verbose reify failed optional dependency /Users/stephan/dev/anti-idiomadanza/idiomadanza.github.io/node_modules/lightningcss-win32-arm64-msvc
27 silly reify mark deleted [
27 silly reify   '/Users/stephan/dev/anti-idiomadanza/idiomadanza.github.io/node_modules/lightningcss-win32-arm64-msvc'
27 silly reify ]
28 verbose reify failed optional dependency /Users/stephan/dev/anti-idiomadanza/idiomadanza.github.io/node_modules/lightningcss-linux-x64-musl
29 silly reify mark deleted [
29 silly reify   '/Users/stephan/dev/anti-idiomadanza/idiomadanza.github.io/node_modules/lightningcss-linux-x64-musl'
29 silly reify ]
30 verbose reify failed optional dependency /Users/stephan/dev/anti-idiomadanza/idiomadanza.github.io/node_modules/lightningcss-linux-x64-gnu
31 silly reify mark deleted [
31 silly reify   '/Users/stephan/dev/anti-idiomadanza/idiomadanza.github.io/node_modules/lightningcss-linux-x64-gnu'
31 silly reify ]
32 verbose reify failed optional dependency /Users/stephan/dev/anti-idiomadanza/idiomadanza.github.io/node_modules/lightningcss-linux-arm64-musl
33 silly reify mark deleted [
33 silly reify   '/Users/stephan/dev/anti-idiomadanza/idiomadanza.github.io/node_modules/lightningcss-linux-arm64-musl'
33 silly reify ]
34 verbose reify failed optional dependency /Users/stephan/dev/anti-idiomadanza/idiomadanza.github.io/node_modules/lightningcss-linux-arm64-gnu
35 silly reify mark deleted [
35 silly reify   '/Users/stephan/dev/anti-idiomadanza/idiomadanza.github.io/node_modules/lightningcss-linux-arm64-gnu'
35 silly reify ]
36 verbose reify failed optional dependency /Users/stephan/dev/anti-idiomadanza/idiomadanza.github.io/node_modules/lightningcss-linux-arm-gnueabihf
37 silly reify mark deleted [
37 silly reify   '/Users/stephan/dev/anti-idiomadanza/idiomadanza.github.io/node_modules/lightningcss-linux-arm-gnueabihf'
37 silly reify ]
38 verbose reify failed optional dependency /Users/stephan/dev/anti-idiomadanza/idiomadanza.github.io/node_modules/lightningcss-freebsd-x64
39 silly reify mark deleted [
39 silly reify   '/Users/stephan/dev/anti-idiomadanza/idiomadanza.github.io/node_modules/lightningcss-freebsd-x64'
39 silly reify ]
40 verbose reify failed optional dependency /Users/stephan/dev/anti-idiomadanza/idiomadanza.github.io/node_modules/lightningcss-darwin-x64
41 silly reify mark deleted [
41 silly reify   '/Users/stephan/dev/anti-idiomadanza/idiomadanza.github.io/node_modules/lightningcss-darwin-x64'
41 silly reify ]
42 verbose reify failed optional dependency /Users/stephan/dev/anti-idiomadanza/idiomadanza.github.io/node_modules/lightningcss-android-arm64
43 silly reify mark deleted [
43 silly reify   '/Users/stephan/dev/anti-idiomadanza/idiomadanza.github.io/node_modules/lightningcss-android-arm64'
43 silly reify ]
44 verbose reify failed optional dependency /Users/stephan/dev/anti-idiomadanza/idiomadanza.github.io/node_modules/@tailwindcss/oxide-win32-x64-msvc
45 silly reify mark deleted [
45 silly reify   '/Users/stephan/dev/anti-idiomadanza/idiomadanza.github.io/node_modules/@tailwindcss/oxide-win32-x64-msvc'
45 silly reify ]
46 verbose reify failed optional dependency /Users/stephan/dev/anti-idiomadanza/idiomadanza.github.io/node_modules/@tailwindcss/oxide-win32-arm64-msvc
47 silly reify mark deleted [
47 silly reify   '/Users/stephan/dev/anti-idiomadanza/idiomadanza.github.io/node_modules/@tailwindcss/oxide-win32-arm64-msvc'
47 silly reify ]
48 verbose reify failed optional dependency /Users/stephan/dev/anti-idiomadanza/idiomadanza.github.io/node_modules/@tailwindcss/oxide-linux-x64-musl
49 silly reify mark deleted [
49 silly reify   '/Users/stephan/dev/anti-idiomadanza/idiomadanza.github.io/node_modules/@tailwindcss/oxide-linux-x64-musl'
49 silly reify ]
50 verbose reify failed optional dependency /Users/stephan/dev/anti-idiomadanza/idiomadanza.github.io/node_modules/@tailwindcss/oxide-linux-x64-gnu
51 silly reify mark deleted [
51 silly reify   '/Users/stephan/dev/anti-idiomadanza/idiomadanza.github.io/node_modules/@tailwindcss/oxide-linux-x64-gnu'
51 silly reify ]
52 verbose reify failed optional dependency /Users/stephan/dev/anti-idiomadanza/idiomadanza.github.io/node_modules/@tailwindcss/oxide-linux-arm64-musl
53 silly reify mark deleted [
53 silly reify   '/Users/stephan/dev/anti-idiomadanza/idiomadanza.github.io/node_modules/@tailwindcss/oxide-linux-arm64-musl'
53 silly reify ]
54 verbose reify failed optional dependency /Users/stephan/dev/anti-idiomadanza/idiomadanza.github.io/node_modules/@tailwindcss/oxide-linux-arm64-gnu
55 silly reify mark deleted [
55 silly reify   '/Users/stephan/dev/anti-idiomadanza/idiomadanza.github.io/node_modules/@tailwindcss/oxide-linux-arm64-gnu'
55 silly reify ]
56 verbose reify failed optional dependency /Users/stephan/dev/anti-idiomadanza/idiomadanza.github.io/node_modules/@tailwindcss/oxide-linux-arm-gnueabihf
57 silly reify mark deleted [
57 silly reify   '/Users/stephan/dev/anti-idiomadanza/idiomadanza.github.io/node_modules/@tailwindcss/oxide-linux-arm-gnueabihf'
57 silly reify ]
58 verbose reify failed optional dependency /Users/stephan/dev/anti-idiomadanza/idiomadanza.github.io/node_modules/@tailwindcss/oxide-freebsd-x64
59 silly reify mark deleted [
59 silly reify   '/Users/stephan/dev/anti-idiomadanza/idiomadanza.github.io/node_modules/@tailwindcss/oxide-freebsd-x64'
59 silly reify ]
60 verbose reify failed optional dependency /Users/stephan/dev/anti-idiomadanza/idiomadanza.github.io/node_modules/@tailwindcss/oxide-darwin-x64
61 silly reify mark deleted [
61 silly reify   '/Users/stephan/dev/anti-idiomadanza/idiomadanza.github.io/node_modules/@tailwindcss/oxide-darwin-x64'
61 silly reify ]
62 verbose reify failed optional dependency /Users/stephan/dev/anti-idiomadanza/idiomadanza.github.io/node_modules/@tailwindcss/oxide-android-arm64
63 silly reify mark deleted [
63 silly reify   '/Users/stephan/dev/anti-idiomadanza/idiomadanza.github.io/node_modules/@tailwindcss/oxide-android-arm64'
63 silly reify ]
64 verbose reify failed optional dependency /Users/stephan/dev/anti-idiomadanza/idiomadanza.github.io/node_modules/@rollup/rollup-win32-x64-msvc
65 silly reify mark deleted [
65 silly reify   '/Users/stephan/dev/anti-idiomadanza/idiomadanza.github.io/node_modules/@rollup/rollup-win32-x64-msvc'
65 silly reify ]
66 verbose reify failed optional dependency /Users/stephan/dev/anti-idiomadanza/idiomadanza.github.io/node_modules/@rollup/rollup-win32-x64-gnu
67 silly reify mark deleted [
67 silly reify   '/Users/stephan/dev/anti-idiomadanza/idiomadanza.github.io/node_modules/@rollup/rollup-win32-x64-gnu'
67 silly reify ]
68 verbose reify failed optional dependency /Users/stephan/dev/anti-idiomadanza/idiomadanza.github.io/node_modules/@rollup/rollup-win32-ia32-msvc
69 silly reify mark deleted [
69 silly reify   '/Users/stephan/dev/anti-idiomadanza/idiomadanza.github.io/node_modules/@rollup/rollup-win32-ia32-msvc'
69 silly reify ]
70 verbose reify failed optional dependency /Users/stephan/dev/anti-idiomadanza/idiomadanza.github.io/node_modules/@rollup/rollup-win32-arm64-msvc
71 silly reify mark deleted [
71 silly reify   '/Users/stephan/dev/anti-idiomadanza/idiomadanza.github.io/node_modules/@rollup/rollup-win32-arm64-msvc'
71 silly reify ]
72 verbose reify failed optional dependency /Users/stephan/dev/anti-idiomadanza/idiomadanza.github.io/node_modules/@rollup/rollup-openharmony-arm64
73 silly reify mark deleted [
73 silly reify   '/Users/stephan/dev/anti-idiomadanza/idiomadanza.github.io/node_modules/@rollup/rollup-openharmony-arm64'
73 silly reify ]
74 verbose reify failed optional dependency /Users/stephan/dev/anti-idiomadanza/idiomadanza.github.io/node_modules/@rollup/rollup-openbsd-x64
75 silly reify mark deleted [
75 silly reify   '/Users/stephan/dev/anti-idiomadanza/idiomadanza.github.io/node_modules/@rollup/rollup-openbsd-x64'
75 silly reify ]
76 verbose reify failed optional dependency /Users/stephan/dev/anti-idiomadanza/idiomadanza.github.io/node_modules/@rollup/rollup-linux-x64-musl
77 silly reify mark deleted [
77 silly reify   '/Users/stephan/dev/anti-idiomadanza/idiomadanza.github.io/node_modules/@rollup/rollup-linux-x64-musl'
77 silly reify ]
78 verbose reify failed optional dependency /Users/stephan/dev/anti-idiomadanza/idiomadanza.github.io/node_modules/@rollup/rollup-linux-x64-gnu
79 silly reify mark deleted [
79 silly reify   '/Users/stephan/dev/anti-idiomadanza/idiomadanza.github.io/node_modules/@rollup/rollup-linux-x64-gnu'
79 silly reify ]
80 verbose reify failed optional dependency /Users/stephan/dev/anti-idiomadanza/idiomadanza.github.io/node_modules/@rollup/rollup-linux-s390x-gnu
81 silly reify mark deleted [
81 silly reify   '/Users/stephan/dev/anti-idiomadanza/idiomadanza.github.io/node_modules/@rollup/rollup-linux-s390x-gnu'
81 silly reify ]
82 verbose reify failed optional dependency /Users/stephan/dev/anti-idiomadanza/idiomadanza.github.io/node_modules/@rollup/rollup-linux-riscv64-musl
83 silly reify mark deleted [
83 silly reify   '/Users/stephan/dev/anti-idiomadanza/idiomadanza.github.io/node_modules/@rollup/rollup-linux-riscv64-musl'
83 silly reify ]
84 verbose reify failed optional dependency /Users/stephan/dev/anti-idiomadanza/idiomadanza.github.io/node_modules/@rollup/rollup-linux-riscv64-gnu
85 silly reify mark deleted [
85 silly reify   '/Users/stephan/dev/anti-idiomadanza/idiomadanza.github.io/node_modules/@rollup/rollup-linux-riscv64-gnu'
85 silly reify ]
86 verbose reify failed optional dependency /Users/stephan/dev/anti-idiomadanza/idiomadanza.github.io/node_modules/@rollup/rollup-linux-ppc64-musl
87 silly reify mark deleted [
87 silly reify   '/Users/stephan/dev/anti-idiomadanza/idiomadanza.github.io/node_modules/@rollup/rollup-linux-ppc64-musl'
87 silly reify ]
88 verbose reify failed optional dependency /Users/stephan/dev/anti-idiomadanza/idiomadanza.github.io/node_modules/@rollup/rollup-linux-ppc64-gnu
89 silly reify mark deleted [
89 silly reify   '/Users/stephan/dev/anti-idiomadanza/idiomadanza.github.io/node_modules/@rollup/rollup-linux-ppc64-gnu'
89 silly reify ]
90 verbose reify failed optional dependency /Users/stephan/dev/anti-idiomadanza/idiomadanza.github.io/node_modules/@rollup/rollup-linux-loong64-musl
91 silly reify mark deleted [
91 silly reify   '/Users/stephan/dev/anti-idiomadanza/idiomadanza.github.io/node_modules/@rollup/rollup-linux-loong64-musl'
91 silly reify ]
92 verbose reify failed optional dependency /Users/stephan/dev/anti-idiomadanza/idiomadanza.github.io/node_modules/@rollup/rollup-linux-loong64-gnu
93 silly reify mark deleted [
93 silly reify   '/Users/stephan/dev/anti-idiomadanza/idiomadanza.github.io/node_modules/@rollup/rollup-linux-loong64-gnu'
93 silly reify ]
94 verbose reify failed optional dependency /Users/stephan/dev/anti-idiomadanza/idiomadanza.github.io/node_modules/@rollup/rollup-linux-arm64-musl
95 silly reify mark deleted [
95 silly reify   '/Users/stephan/dev/anti-idiomadanza/idiomadanza.github.io/node_modules/@rollup/rollup-linux-arm64-musl'
95 silly reify ]
96 verbose reify failed optional dependency /Users/stephan/dev/anti-idiomadanza/idiomadanza.github.io/node_modules/@rollup/rollup-linux-arm64-gnu
97 silly reify mark deleted [
97 silly reify   '/Users/stephan/dev/anti-idiomadanza/idiomadanza.github.io/node_modules/@rollup/rollup-linux-arm64-gnu'
97 silly reify ]
98 verbose reify failed optional dependency /Users/stephan/dev/anti-idiomadanza/idiomadanza.github.io/node_modules/@rollup/rollup-linux-arm-musleabihf
99 silly reify mark deleted [
99 silly reify   '/Users/stephan/dev/anti-idiomadanza/idiomadanza.github.io/node_modules/@rollup/rollup-linux-arm-musleabihf'
99 silly reify ]
100 verbose reify failed optional dependency /Users/stephan/dev/anti-idiomadanza/idiomadanza.github.io/node_modules/@rollup/rollup-linux-arm-gnueabihf
101 silly reify mark deleted [
101 silly reify   '/Users/stephan/dev/anti-idiomadanza/idiomadanza.github.io/node_modules/@rollup/rollup-linux-arm-gnueabihf'
101 silly reify ]
102 verbose reify failed optional dependency /Users/stephan/dev/anti-idiomadanza/idiomadanza.github.io/node_modules/@rollup/rollup-freebsd-x64
103 silly reify mark deleted [
103 silly reify   '/Users/stephan/dev/anti-idiomadanza/idiomadanza.github.io/node_modules/@rollup/rollup-freebsd-x64'
103 silly reify ]
104 verbose reify failed optional dependency /Users/stephan/dev/anti-idiomadanza/idiomadanza.github.io/node_modules/@rollup/rollup-freebsd-arm64
105 silly reify mark deleted [
105 silly reify   '/Users/stephan/dev/anti-idiomadanza/idiomadanza.github.io/node_modules/@rollup/rollup-freebsd-arm64'
105 silly reify ]
106 verbose reify failed optional dependency /Users/stephan/dev/anti-idiomadanza/idiomadanza.github.io/node_modules/@rollup/rollup-darwin-x64
107 silly reify mark deleted [
107 silly reify   '/Users/stephan/dev/anti-idiomadanza/idiomadanza.github.io/node_modules/@rollup/rollup-darwin-x64'
107 silly reify ]
108 verbose reify failed optional dependency /Users/stephan/dev/anti-idiomadanza/idiomadanza.github.io/node_modules/@rollup/rollup-android-arm64
109 silly reify mark deleted [
109 silly reify   '/Users/stephan/dev/anti-idiomadanza/idiomadanza.github.io/node_modules/@rollup/rollup-android-arm64'
109 silly reify ]
110 verbose reify failed optional dependency /Users/stephan/dev/anti-idiomadanza/idiomadanza.github.io/node_modules/@rollup/rollup-android-arm-eabi
111 silly reify mark deleted [
111 silly reify   '/Users/stephan/dev/anti-idiomadanza/idiomadanza.github.io/node_modules/@rollup/rollup-android-arm-eabi'
111 silly reify ]
112 verbose reify failed optional dependency /Users/stephan/dev/anti-idiomadanza/idiomadanza.github.io/node_modules/@img/sharp-win32-x64
113 silly reify mark deleted [
113 silly reify   '/Users/stephan/dev/anti-idiomadanza/idiomadanza.github.io/node_modules/@img/sharp-win32-x64'
113 silly reify ]
114 verbose reify failed optional dependency /Users/stephan/dev/anti-idiomadanza/idiomadanza.github.io/node_modules/@img/sharp-win32-ia32
115 silly reify mark deleted [
115 silly reify   '/Users/stephan/dev/anti-idiomadanza/idiomadanza.github.io/node_modules/@img/sharp-win32-ia32'
115 silly reify ]
116 verbose reify failed optional dependency /Users/stephan/dev/anti-idiomadanza/idiomadanza.github.io/node_modules/@img/sharp-win32-arm64
117 silly reify mark deleted [
117 silly reify   '/Users/stephan/dev/anti-idiomadanza/idiomadanza.github.io/node_modules/@img/sharp-win32-arm64'
117 silly reify ]
118 verbose reify failed optional dependency /Users/stephan/dev/anti-idiomadanza/idiomadanza.github.io/node_modules/@img/sharp-wasm32
119 silly reify mark deleted [
119 silly reify   '/Users/stephan/dev/anti-idiomadanza/idiomadanza.github.io/node_modules/@img/sharp-wasm32'
119 silly reify ]
120 verbose reify failed optional dependency /Users/stephan/dev/anti-idiomadanza/idiomadanza.github.io/node_modules/@img/sharp-linuxmusl-x64
121 silly reify mark deleted [
121 silly reify   '/Users/stephan/dev/anti-idiomadanza/idiomadanza.github.io/node_modules/@img/sharp-linuxmusl-x64'
121 silly reify ]
122 verbose reify failed optional dependency /Users/stephan/dev/anti-idiomadanza/idiomadanza.github.io/node_modules/@img/sharp-linuxmusl-arm64
123 silly reify mark deleted [
123 silly reify   '/Users/stephan/dev/anti-idiomadanza/idiomadanza.github.io/node_modules/@img/sharp-linuxmusl-arm64'
123 silly reify ]
124 verbose reify failed optional dependency /Users/stephan/dev/anti-idiomadanza/idiomadanza.github.io/node_modules/@img/sharp-linux-x64
125 silly reify mark deleted [
125 silly reify   '/Users/stephan/dev/anti-idiomadanza/idiomadanza.github.io/node_modules/@img/sharp-linux-x64'
125 silly reify ]
126 verbose reify failed optional dependency /Users/stephan/dev/anti-idiomadanza/idiomadanza.github.io/node_modules/@img/sharp-linux-s390x
127 silly reify mark deleted [
127 silly reify   '/Users/stephan/dev/anti-idiomadanza/idiomadanza.github.io/node_modules/@img/sharp-linux-s390x'
127 silly reify ]
128 verbose reify failed optional dependency /Users/stephan/dev/anti-idiomadanza/idiomadanza.github.io/node_modules/@img/sharp-linux-riscv64
129 silly reify mark deleted [
129 silly reify   '/Users/stephan/dev/anti-idiomadanza/idiomadanza.github.io/node_modules/@img/sharp-linux-riscv64'
129 silly reify ]
130 verbose reify failed optional dependency /Users/stephan/dev/anti-idiomadanza/idiomadanza.github.io/node_modules/@img/sharp-linux-ppc64
131 silly reify mark deleted [
131 silly reify   '/Users/stephan/dev/anti-idiomadanza/idiomadanza.github.io/node_modules/@img/sharp-linux-ppc64'
131 silly reify ]
132 verbose reify failed optional dependency /Users/stephan/dev/anti-idiomadanza/idiomadanza.github.io/node_modules/@img/sharp-linux-arm64
133 silly reify mark deleted [
133 silly reify   '/Users/stephan/dev/anti-idiomadanza/idiomadanza.github.io/node_modules/@img/sharp-linux-arm64'
133 silly reify ]
134 verbose reify failed optional dependency /Users/stephan/dev/anti-idiomadanza/idiomadanza.github.io/node_modules/@img/sharp-linux-arm
135 silly reify mark deleted [
135 silly reify   '/Users/stephan/dev/anti-idiomadanza/idiomadanza.github.io/node_modules/@img/sharp-linux-arm'
135 silly reify ]
136 verbose reify failed optional dependency /Users/stephan/dev/anti-idiomadanza/idiomadanza.github.io/node_modules/@img/sharp-libvips-linuxmusl-x64
137 silly reify mark deleted [
137 silly reify   '/Users/stephan/dev/anti-idiomadanza/idiomadanza.github.io/node_modules/@img/sharp-libvips-linuxmusl-x64'
137 silly reify ]
138 verbose reify failed optional dependency /Users/stephan/dev/anti-idiomadanza/idiomadanza.github.io/node_modules/@img/sharp-libvips-linuxmusl-arm64
139 silly reify mark deleted [
139 silly reify   '/Users/stephan/dev/anti-idiomadanza/idiomadanza.github.io/node_modules/@img/sharp-libvips-linuxmusl-arm64'
139 silly reify ]
140 verbose reify failed optional dependency /Users/stephan/dev/anti-idiomadanza/idiomadanza.github.io/node_modules/@img/sharp-libvips-linux-x64
141 silly reify mark deleted [
141 silly reify   '/Users/stephan/dev/anti-idiomadanza/idiomadanza.github.io/node_modules/@img/sharp-libvips-linux-x64'
141 silly reify ]
142 verbose reify failed optional dependency /Users/stephan/dev/anti-idiomadanza/idiomadanza.github.io/node_modules/@img/sharp-libvips-linux-s390x
143 silly reify mark deleted [
143 silly reify   '/Users/stephan/dev/anti-idiomadanza/idiomadanza.github.io/node_modules/@img/sharp-libvips-linux-s390x'
143 silly reify ]
144 verbose reify failed optional dependency /Users/stephan/dev/anti-idiomadanza/idiomadanza.github.io/node_modules/@img/sharp-libvips-linux-riscv64
145 silly reify mark deleted [
145 silly reify   '/Users/stephan/dev/anti-idiomadanza/idiomadanza.github.io/node_modules/@img/sharp-libvips-linux-riscv64'
145 silly reify ]
146 verbose reify failed optional dependency /Users/stephan/dev/anti-idiomadanza/idiomadanza.github.io/node_modules/@img/sharp-libvips-linux-ppc64
147 silly reify mark deleted [
147 silly reify   '/Users/stephan/dev/anti-idiomadanza/idiomadanza.github.io/node_modules/@img/sharp-libvips-linux-ppc64'
147 silly reify ]
148 verbose reify failed optional dependency /Users/stephan/dev/anti-idiomadanza/idiomadanza.github.io/node_modules/@img/sharp-libvips-linux-arm64
149 silly reify mark deleted [
149 silly reify   '/Users/stephan/dev/anti-idiomadanza/idiomadanza.github.io/node_modules/@img/sharp-libvips-linux-arm64'
149 silly reify ]
150 verbose reify failed optional dependency /Users/stephan/dev/anti-idiomadanza/idiomadanza.github.io/node_modules/@img/sharp-libvips-linux-arm
151 silly reify mark deleted [
151 silly reify   '/Users/stephan/dev/anti-idiomadanza/idiomadanza.github.io/node_modules/@img/sharp-libvips-linux-arm'
151 silly reify ]
152 verbose reify failed optional dependency /Users/stephan/dev/anti-idiomadanza/idiomadanza.github.io/node_modules/@img/sharp-libvips-darwin-x64
153 silly reify mark deleted [
153 silly reify   '/Users/stephan/dev/anti-idiomadanza/idiomadanza.github.io/node_modules/@img/sharp-libvips-darwin-x64'
153 silly reify ]
154 verbose reify failed optional dependency /Users/stephan/dev/anti-idiomadanza/idiomadanza.github.io/node_modules/@img/sharp-darwin-x64
155 silly reify mark deleted [
155 silly reify   '/Users/stephan/dev/anti-idiomadanza/idiomadanza.github.io/node_modules/@img/sharp-darwin-x64'
155 silly reify ]
156 verbose reify failed optional dependency /Users/stephan/dev/anti-idiomadanza/idiomadanza.github.io/node_modules/@esbuild/win32-x64
157 silly reify mark deleted [
157 silly reify   '/Users/stephan/dev/anti-idiomadanza/idiomadanza.github.io/node_modules/@esbuild/win32-x64'
157 silly reify ]
158 verbose reify failed optional dependency /Users/stephan/dev/anti-idiomadanza/idiomadanza.github.io/node_modules/@esbuild/win32-ia32
159 silly reify mark deleted [
159 silly reify   '/Users/stephan/dev/anti-idiomadanza/idiomadanza.github.io/node_modules/@esbuild/win32-ia32'
159 silly reify ]
160 verbose reify failed optional dependency /Users/stephan/dev/anti-idiomadanza/idiomadanza.github.io/node_modules/@esbuild/win32-arm64
161 silly reify mark deleted [
161 silly reify   '/Users/stephan/dev/anti-idiomadanza/idiomadanza.github.io/node_modules/@esbuild/win32-arm64'
161 silly reify ]
162 verbose reify failed optional dependency /Users/stephan/dev/anti-idiomadanza/idiomadanza.github.io/node_modules/@esbuild/sunos-x64
163 silly reify mark deleted [
163 silly reify   '/Users/stephan/dev/anti-idiomadanza/idiomadanza.github.io/node_modules/@esbuild/sunos-x64'
163 silly reify ]
164 verbose reify failed optional dependency /Users/stephan/dev/anti-idiomadanza/idiomadanza.github.io/node_modules/@esbuild/openharmony-arm64
165 silly reify mark deleted [
165 silly reify   '/Users/stephan/dev/anti-idiomadanza/idiomadanza.github.io/node_modules/@esbuild/openharmony-arm64'
165 silly reify ]
166 verbose reify failed optional dependency /Users/stephan/dev/anti-idiomadanza/idiomadanza.github.io/node_modules/@esbuild/openbsd-x64
167 silly reify mark deleted [
167 silly reify   '/Users/stephan/dev/anti-idiomadanza/idiomadanza.github.io/node_modules/@esbuild/openbsd-x64'
167 silly reify ]
168 verbose reify failed optional dependency /Users/stephan/dev/anti-idiomadanza/idiomadanza.github.io/node_modules/@esbuild/openbsd-arm64
169 silly reify mark deleted [
169 silly reify   '/Users/stephan/dev/anti-idiomadanza/idiomadanza.github.io/node_modules/@esbuild/openbsd-arm64'
169 silly reify ]
170 verbose reify failed optional dependency /Users/stephan/dev/anti-idiomadanza/idiomadanza.github.io/node_modules/@esbuild/netbsd-x64
171 silly reify mark deleted [
171 silly reify   '/Users/stephan/dev/anti-idiomadanza/idiomadanza.github.io/node_modules/@esbuild/netbsd-x64'
171 silly reify ]
172 verbose reify failed optional dependency /Users/stephan/dev/anti-idiomadanza/idiomadanza.github.io/node_modules/@esbuild/netbsd-arm64
173 silly reify mark deleted [
173 silly reify   '/Users/stephan/dev/anti-idiomadanza/idiomadanza.github.io/node_modules/@esbuild/netbsd-arm64'
173 silly reify ]
174 verbose reify failed optional dependency /Users/stephan/dev/anti-idiomadanza/idiomadanza.github.io/node_modules/@esbuild/linux-x64
175 silly reify mark deleted [
175 silly reify   '/Users/stephan/dev/anti-idiomadanza/idiomadanza.github.io/node_modules/@esbuild/linux-x64'
175 silly reify ]
176 verbose reify failed optional dependency /Users/stephan/dev/anti-idiomadanza/idiomadanza.github.io/node_modules/@esbuild/linux-s390x
177 silly reify mark deleted [
177 silly reify   '/Users/stephan/dev/anti-idiomadanza/idiomadanza.github.io/node_modules/@esbuild/linux-s390x'
177 silly reify ]
178 verbose reify failed optional dependency /Users/stephan/dev/anti-idiomadanza/idiomadanza.github.io/node_modules/@esbuild/linux-riscv64
179 silly reify mark deleted [
179 silly reify   '/Users/stephan/dev/anti-idiomadanza/idiomadanza.github.io/node_modules/@esbuild/linux-riscv64'
179 silly reify ]
180 verbose reify failed optional dependency /Users/stephan/dev/anti-idiomadanza/idiomadanza.github.io/node_modules/@esbuild/linux-ppc64
181 silly reify mark deleted [
181 silly reify   '/Users/stephan/dev/anti-idiomadanza/idiomadanza.github.io/node_modules/@esbuild/linux-ppc64'
181 silly reify ]
182 verbose reify failed optional dependency /Users/stephan/dev/anti-idiomadanza/idiomadanza.github.io/node_modules/@esbuild/linux-mips64el
183 silly reify mark deleted [
183 silly reify   '/Users/stephan/dev/anti-idiomadanza/idiomadanza.github.io/node_modules/@esbuild/linux-mips64el'
183 silly reify ]
184 verbose reify failed optional dependency /Users/stephan/dev/anti-idiomadanza/idiomadanza.github.io/node_modules/@esbuild/linux-loong64
185 silly reify mark deleted [
185 silly reify   '/Users/stephan/dev/anti-idiomadanza/idiomadanza.github.io/node_modules/@esbuild/linux-loong64'
185 silly reify ]
186 verbose reify failed optional dependency /Users/stephan/dev/anti-idiomadanza/idiomadanza.github.io/node_modules/@esbuild/linux-ia32
187 silly reify mark deleted [
187 silly reify   '/Users/stephan/dev/anti-idiomadanza/idiomadanza.github.io/node_modules/@esbuild/linux-ia32'
187 silly reify ]
188 verbose reify failed optional dependency /Users/stephan/dev/anti-idiomadanza/idiomadanza.github.io/node_modules/@esbuild/linux-arm64
189 silly reify mark deleted [
189 silly reify   '/Users/stephan/dev/anti-idiomadanza/idiomadanza.github.io/node_modules/@esbuild/linux-arm64'
189 silly reify ]
190 verbose reify failed optional dependency /Users/stephan/dev/anti-idiomadanza/idiomadanza.github.io/node_modules/@esbuild/linux-arm
191 silly reify mark deleted [
191 silly reify   '/Users/stephan/dev/anti-idiomadanza/idiomadanza.github.io/node_modules/@esbuild/linux-arm'
191 silly reify ]
192 verbose reify failed optional dependency /Users/stephan/dev/anti-idiomadanza/idiomadanza.github.io/node_modules/@esbuild/freebsd-x64
193 silly reify mark deleted [
193 silly reify   '/Users/stephan/dev/anti-idiomadanza/idiomadanza.github.io/node_modules/@esbuild/freebsd-x64'
193 silly reify ]
194 verbose reify failed optional dependency /Users/stephan/dev/anti-idiomadanza/idiomadanza.github.io/node_modules/@esbuild/freebsd-arm64
195 silly reify mark deleted [
195 silly reify   '/Users/stephan/dev/anti-idiomadanza/idiomadanza.github.io/node_modules/@esbuild/freebsd-arm64'
195 silly reify ]
196 verbose reify failed optional dependency /Users/stephan/dev/anti-idiomadanza/idiomadanza.github.io/node_modules/@esbuild/darwin-x64
197 silly reify mark deleted [
197 silly reify   '/Users/stephan/dev/anti-idiomadanza/idiomadanza.github.io/node_modules/@esbuild/darwin-x64'
197 silly reify ]
198 verbose reify failed optional dependency /Users/stephan/dev/anti-idiomadanza/idiomadanza.github.io/node_modules/@esbuild/android-x64
199 silly reify mark deleted [
199 silly reify   '/Users/stephan/dev/anti-idiomadanza/idiomadanza.github.io/node_modules/@esbuild/android-x64'
199 silly reify ]
200 verbose reify failed optional dependency /Users/stephan/dev/anti-idiomadanza/idiomadanza.github.io/node_modules/@esbuild/android-arm64
201 silly reify mark deleted [
201 silly reify   '/Users/stephan/dev/anti-idiomadanza/idiomadanza.github.io/node_modules/@esbuild/android-arm64'
201 silly reify ]
202 verbose reify failed optional dependency /Users/stephan/dev/anti-idiomadanza/idiomadanza.github.io/node_modules/@esbuild/android-arm
203 silly reify mark deleted [
203 silly reify   '/Users/stephan/dev/anti-idiomadanza/idiomadanza.github.io/node_modules/@esbuild/android-arm'
203 silly reify ]
204 verbose reify failed optional dependency /Users/stephan/dev/anti-idiomadanza/idiomadanza.github.io/node_modules/@esbuild/aix-ppc64
205 silly reify mark deleted [
205 silly reify   '/Users/stephan/dev/anti-idiomadanza/idiomadanza.github.io/node_modules/@esbuild/aix-ppc64'
205 silly reify ]
206 http cache @tailwindcss/vite@https://registry.npmjs.org/@tailwindcss/vite/-/vite-4.2.2.tgz 1ms (cache hit)
207 silly tarball no local data for @tailwindcss/vite@https://registry.npmjs.org/@tailwindcss/vite/-/vite-4.2.2.tgz. Extracting by manifest.
208 http fetch GET 200 https://registry.npmjs.org/@tailwindcss/vite/-/vite-4.2.2.tgz 205ms (cache miss)
209 http fetch POST 200 https://registry.npmjs.org/-/npm/v1/security/advisories/bulk 227ms
210 silly audit report {
210 silly audit report   vite: [
210 silly audit report     {
210 silly audit report       id: 1116230,
210 silly audit report       url: 'https://github.com/advisories/GHSA-4w7w-66w2-5vf9',
210 silly audit report       title: 'Vite Vulnerable to Path Traversal in Optimized Deps `.map` Handling',
210 silly audit report       severity: 'moderate',
210 silly audit report       vulnerable_versions: '>=7.0.0 <=7.3.1',
210 silly audit report       cwe: [Array],
210 silly audit report       cvss: [Object]
210 silly audit report     },
210 silly audit report     {
210 silly audit report       id: 1116232,
210 silly audit report       url: 'https://github.com/advisories/GHSA-v2wj-q39q-566r',
210 silly audit report       title: 'Vite: `server.fs.deny` bypassed with queries',
210 silly audit report       severity: 'high',
210 silly audit report       vulnerable_versions: '>=7.1.0 <=7.3.1',
210 silly audit report       cwe: [Array],
210 silly audit report       cvss: [Object]
210 silly audit report     },
210 silly audit report     {
210 silly audit report       id: 1116235,
210 silly audit report       url: 'https://github.com/advisories/GHSA-p9ff-h696-f583',
210 silly audit report       title: 'Vite Vulnerable to Arbitrary File Read via Vite Dev Server WebSocket',
210 silly audit report       severity: 'high',
210 silly audit report       vulnerable_versions: '>=7.0.0 <=7.3.1',
210 silly audit report       cwe: [Array],
210 silly audit report       cvss: [Object]
210 silly audit report     }
210 silly audit report   ]
210 silly audit report }
211 silly packumentCache corgi:https://registry.npmjs.org/vite cache-miss
212 http cache https://registry.npmjs.org/vite 38ms (cache hit)
213 silly packumentCache corgi:https://registry.npmjs.org/vite set size:2229030 disposed:false
214 silly packumentCache corgi:https://registry.npmjs.org/astro cache-miss
215 http cache https://registry.npmjs.org/astro 121ms (cache hit)
216 silly packumentCache corgi:https://registry.npmjs.org/astro set size:4336727 disposed:false
217 silly ADD node_modules/@tailwindcss/vite
218 silly ADD
219 silly ADD
220 silly ADD
221 silly ADD
222 silly ADD
223 silly ADD
224 silly ADD
225 silly ADD
226 silly ADD
227 silly ADD
228 silly ADD
229 silly ADD
230 silly ADD
231 silly ADD
232 silly ADD
233 silly ADD
234 silly ADD
235 silly ADD
236 silly ADD
237 silly ADD
238 silly ADD
239 silly ADD
240 silly ADD
241 silly ADD
242 silly ADD
243 silly ADD
244 silly ADD
245 silly ADD
246 silly ADD
247 silly ADD
248 silly ADD
249 silly ADD
250 silly ADD
251 silly ADD
252 silly ADD
253 silly ADD
254 silly ADD
255 silly ADD
256 silly ADD
257 silly ADD
258 silly ADD
259 silly ADD
260 silly ADD
261 silly ADD
262 silly ADD
263 silly ADD
264 silly ADD
265 silly ADD
266 silly ADD
267 silly ADD
268 silly ADD
269 silly ADD
270 silly ADD
271 silly ADD
272 silly ADD
273 silly ADD
274 silly ADD
275 silly ADD
276 silly ADD
277 silly ADD
278 silly ADD
279 silly ADD
280 silly ADD
281 silly ADD
282 silly ADD
283 silly ADD
284 silly ADD
285 silly ADD
286 silly ADD
287 silly ADD
288 silly ADD
289 silly ADD
290 silly ADD
291 silly ADD
292 silly ADD
293 silly ADD
294 silly ADD
295 silly ADD
296 silly ADD
297 silly ADD
298 silly ADD
299 silly ADD
300 silly ADD
301 silly ADD
302 silly ADD
303 silly ADD
304 silly ADD
305 silly ADD
306 silly ADD
307 silly ADD
308 silly ADD
309 silly ADD
310 silly REMOVE node_modules/yaml
311 verbose cwd /Users/stephan/dev/anti-idiomadanza/idiomadanza.github.io
312 verbose os Darwin 25.3.0
313 verbose node v22.17.0
314 verbose npm  v10.9.2
315 verbose exit 0
316 info ok
